// Jest Snapshot v1, https://goo.gl/fbAQLP

exports[`Button Component should have a title & should call onPress when pressed 1`] = `
<View
  accessible={true}
  focusable={true}
  onClick={[Function]}
  onResponderGrant={[Function]}
  onResponderMove={[Function]}
  onResponderRelease={[Function]}
  onResponderTerminate={[Function]}
  onResponderTerminationRequest={[Function]}
  onStartShouldSetResponder={[Function]}
  style={
    Object {
      "alignItems": "center",
      "borderRadius": 10,
      "height": 50,
      "justifyContent": "center",
      "margin": 20,
      "opacity": 1,
      "width": "80%",
    }
  }
>
  <Text
    style={
      Array [
        Object {
          "color": "#FFFFFF",
          "fontSize": 18,
          "fontWeight": "bold",
        },
        undefined,
      ]
    }
  >
    TestButton
  </Text>
</View>
`;
