// Jest Snapshot v1, https://goo.gl/fbAQLP

exports[`Label Component should have a title 1`] = `
<Text
  style={
    Array [
      Object {
        "color": "#FFFFFF",
        "fontSize": 24,
        "lineHeight": 28,
        "margin": 16,
        "marginBottom": 2,
      },
      undefined,
    ]
  }
>
  TestLabel
</Text>
`;
