// Jest Snapshot v1, https://goo.gl/fbAQLP

exports[`renders correctly 1`] = `
<RCTSafeAreaView
  emulateUnlessSupported={true}
  style={
    Array [
      Object {
        "backgroundColor": "#0B121E",
        "flex": 1,
      },
      Object {
        "alignItems": "center",
        "justifyContent": "space-between",
      },
    ]
  }
>
  <View
    style={
      Object {
        "alignItems": "flex-end",
        "width": "100%",
      }
    }
  >
    <Text
      style={
        Array [
          Object {
            "color": "#FFFFFF",
            "fontSize": 24,
            "lineHeight": 28,
            "margin": 16,
            "marginBottom": 2,
          },
          Object {
            "color": "#FFFFFF",
            "fontSize": 24,
            "lineHeight": 28,
            "margin": 16,
            "marginBottom": 2,
          },
        ]
      }
    >
      
    </Text>
  </View>
  <Image
    source={
      Object {
        "testUri": "../../../src/asset/image/ReactLoGo.png",
      }
    }
    style={
      Object {
        "height": 300,
        "resizeMode": "contain",
        "width": 300,
      }
    }
  />
  <View
    accessible={true}
    focusable={true}
    onClick={[Function]}
    onResponderGrant={[Function]}
    onResponderMove={[Function]}
    onResponderRelease={[Function]}
    onResponderTerminate={[Function]}
    onResponderTerminationRequest={[Function]}
    onStartShouldSetResponder={[Function]}
    style={
      Object {
        "alignItems": "center",
        "backgroundColor": "#f7a934",
        "borderRadius": 10,
        "height": 50,
        "justifyContent": "center",
        "margin": 20,
        "opacity": 1,
        "width": "80%",
      }
    }
  >
    <Text
      style={
        Array [
          Object {
            "color": "#FFFFFF",
            "fontSize": 18,
            "fontWeight": "bold",
          },
          undefined,
        ]
      }
    >
      Button Option Screen
    </Text>
  </View>
</RCTSafeAreaView>
`;
